git commands
hp@DESKTOP-K1H14P5 MINGW64 ~/OneDrive/Desktop/Git Practice
$ git status
fatal: not a git repository (or any of the parent directories): .git

hp@DESKTOP-K1H14P5 MINGW64 ~/OneDrive/Desktop/Git Practice
$ git init
Initialized empty Git repository in C:/Users/hp/OneDrive/Desktop/Git Practice/.git/

hp@DESKTOP-K1H14P5 MINGW64 ~/OneDrive/Desktop/Git Practice (master)
$ git status
On branch master

No commits yet

Untracked files:
  (use "git add <file>..." to include in what will be committed)
        .gitignore
        myexcelfile.xlsx
        renamed_file.txt
        static/

nothing added to commit but untracked files present (use "git add" to track)

hp@DESKTOP-K1H14P5 MINGW64 ~/OneDrive/Desktop/Git Practice (master)
$ git add .

hp@DESKTOP-K1H14P5 MINGW64 ~/OneDrive/Desktop/Git Practice (master)
$ git commit -m "new repo"
[master (root-commit) 3131c4f] new repo
 4 files changed, 7 insertions(+)
 create mode 100644 .gitignore
 create mode 100644 myexcelfile.xlsx
 create mode 100644 renamed_file.txt
 create mode 100644 static/mytext.txt

hp@DESKTOP-K1H14P5 MINGW64 ~/OneDrive/Desktop/Git Practice (master)
$ git status
On branch master
nothing to commit, working tree clean

hp@DESKTOP-K1H14P5 MINGW64 ~/OneDrive/Desktop/Git Practice (master)
$ git status
On branch master
Changes not staged for commit:
  (use "git add <file>..." to update what will be committed)
  (use "git restore <file>..." to discard changes in working directory)
        modified:   renamed_file.txt

no changes added to commit (use "git add" and/or "git commit -a")

hp@DESKTOP-K1H14P5 MINGW64 ~/OneDrive/Desktop/Git Practice (master)
$ git add .

hp@DESKTOP-K1H14P5 MINGW64 ~/OneDrive/Desktop/Git Practice (master)
$ git status
On branch master
Changes to be committed:
  (use "git restore --staged <file>..." to unstage)
        modified:   renamed_file.txt


hp@DESKTOP-K1H14P5 MINGW64 ~/OneDrive/Desktop/Git Practice (master)
$ git restore --staged renamed_file
error: pathspec 'renamed_file' did not match any file(s) known to git

hp@DESKTOP-K1H14P5 MINGW64 ~/OneDrive/Desktop/Git Practice (master)
$ git restore --staged renamed_file.txt

hp@DESKTOP-K1H14P5 MINGW64 ~/OneDrive/Desktop/Git Practice (master)
$ git status
On branch master
Changes not staged for commit:
  (use "git add <file>..." to update what will be committed)
  (use "git restore <file>..." to discard changes in working directory)
        modified:   renamed_file.txt

no changes added to commit (use "git add" and/or "git commit -a")

hp@DESKTOP-K1H14P5 MINGW64 ~/OneDrive/Desktop/Git Practice (master)
$ git status
On branch master
Changes not staged for commit:
  (use "git add <file>..." to update what will be committed)
  (use "git restore <file>..." to discard changes in working directory)
        modified:   renamed_file.txt

no changes added to commit (use "git add" and/or "git commit -a")

hp@DESKTOP-K1H14P5 MINGW64 ~/OneDrive/Desktop/Git Practice (master)
$ git checkout --renamed_file.txt
error: unknown option `renamed_file.txt'
usage: git checkout [<options>] <branch>
   or: git checkout [<options>] [<branch>] -- <file>...

    -b <branch>           create and checkout a new branch
    -B <branch>           create/reset and checkout a branch
    -l                    create reflog for new branch
    --guess               second guess 'git checkout <no-such-branch>' (default)
    --overlay             use overlay mode (default)
    -q, --quiet           suppress progress reporting
    --recurse-submodules[=<checkout>]
                          control recursive updating of submodules
    --progress            force progress reporting
    -m, --merge           perform a 3-way merge with the new branch
    --conflict <style>    conflict style (merge, diff3, or zdiff3)
    -d, --detach          detach HEAD at named commit
    -t, --track[=(direct|inherit)]
                          set branch tracking configuration
    -f, --force           force checkout (throw away local modifications)
    --orphan <new-branch>
                          new unparented branch
    --overwrite-ignore    update ignored files (default)
    --ignore-other-worktrees
                          do not check if another worktree is holding the given ref
    -2, --ours            checkout our version for unmerged files
    -3, --theirs          checkout their version for unmerged files
    -p, --patch           select hunks interactively
    --ignore-skip-worktree-bits
                          do not limit pathspecs to sparse entries only
    --pathspec-from-file <file>
                          read pathspec from file
    --pathspec-file-nul   with --pathspec-from-file, pathspec elements are separated with NUL character


hp@DESKTOP-K1H14P5 MINGW64 ~/OneDrive/Desktop/Git Practice (master)
$ git checkout -- renamed_file.txt

hp@DESKTOP-K1H14P5 MINGW64 ~/OneDrive/Desktop/Git Practice (master)
$ git status
On branch master
nothing to commit, working tree clean

hp@DESKTOP-K1H14P5 MINGW64 ~/OneDrive/Desktop/Git Practice (master)
$ git status
On branch master
Changes not staged for commit:
  (use "git add <file>..." to update what will be committed)
  (use "git restore <file>..." to discard changes in working directory)
        modified:   .gitignore
        modified:   renamed_file.txt

no changes added to commit (use "git add" and/or "git commit -a")

hp@DESKTOP-K1H14P5 MINGW64 ~/OneDrive/Desktop/Git Practice (master)
$ git checkout -f

hp@DESKTOP-K1H14P5 MINGW64 ~/OneDrive/Desktop/Git Practice (master)
$ git status
On branch master
nothing to commit, working tree clean

hp@DESKTOP-K1H14P5 MINGW64 ~/OneDrive/Desktop/Git Practice (master)
$ git status
On branch master
nothing to commit, working tree clean

hp@DESKTOP-K1H14P5 MINGW64 ~/OneDrive/Desktop/Git Practice (master)
$ git remote

hp@DESKTOP-K1H14P5 MINGW64 ~/OneDrive/Desktop/Git Practice (master)
$ git remote add origin git@github.com:sanskrititrh/practicerepo.git

hp@DESKTOP-K1H14P5 MINGW64 ~/OneDrive/Desktop/Git Practice (master)
$ git remote
origin

hp@DESKTOP-K1H14P5 MINGW64 ~/OneDrive/Desktop/Git Practice (master)
$ git remote -v
origin  git@github.com:sanskrititrh/practicerepo.git (fetch)
origin  git@github.com:sanskrititrh/practicerepo.git (push)

hp@DESKTOP-K1H14P5 MINGW64 ~/OneDrive/Desktop/Git Practice (master)
$ git push -u origin masters
error: src refspec masters does not match any
error: failed to push some refs to 'github.com:sanskrititrh/practicerepo.git'

hp@DESKTOP-K1H14P5 MINGW64 ~/OneDrive/Desktop/Git Practice (master)
$ git push -u origin masters
error: src refspec masters does not match any
error: failed to push some refs to 'github.com:sanskrititrh/practicerepo.git'

hp@DESKTOP-K1H14P5 MINGW64 ~/OneDrive/Desktop/Git Practice (master)
$ ^[[200~$ ssh-keygen -t ed25519 -C "your_email@example.com"
bash: $'\E[200~$': command not found

hp@DESKTOP-K1H14P5 MINGW64 ~/OneDrive/Desktop/Git Practice (master)
$ 200~$ ssh-keygen -t ed25519 -C "sanskriti.dhakad@therapidhire.com"
bash: 200~$: command not found

hp@DESKTOP-K1H14P5 MINGW64 ~/OneDrive/Desktop/Git Practice (master)
$ ssh-keygen -t ed25519 -C "sanskriti.dhakad@therapidhire.com"
Generating public/private ed25519 key pair.
Enter file in which to save the key (/c/Users/hp/.ssh/id_ed25519):
/c/Users/hp/.ssh/id_ed25519 already exists.
Overwrite (y/n)?

hp@DESKTOP-K1H14P5 MINGW64 ~/OneDrive/Desktop/Git Practice (master)
$

hp@DESKTOP-K1H14P5 MINGW64 ~/OneDrive/Desktop/Git Practice (master)
$ ssh-keygen -t ed25519 -C "sanskriti.dhakad@therapidhire.com"
Generating public/private ed25519 key pair.
Enter file in which to save the key (/c/Users/hp/.ssh/id_ed25519):
/c/Users/hp/.ssh/id_ed25519 already exists.
Overwrite (y/n)? n

hp@DESKTOP-K1H14P5 MINGW64 ~/OneDrive/Desktop/Git Practice (master)
$ ssh-keygen -t ed25519 -C "sanskriti.dhakad@therapidhire.com"
Generating public/private ed25519 key pair.
Enter file in which to save the key (/c/Users/hp/.ssh/id_ed25519):
/c/Users/hp/.ssh/id_ed25519 already exists.
Overwrite (y/n)? y
Enter passphrase (empty for no passphrase):
Enter same passphrase again:
Your identification has been saved in /c/Users/hp/.ssh/id_ed25519
Your public key has been saved in /c/Users/hp/.ssh/id_ed25519.pub
The key fingerprint is:
SHA256:Dyo88a4qO3k2TqL9RKCVng7vOPK/+gVV1vq27SaE5uM sanskriti.dhakad@therapidhire.com
The key's randomart image is:
+--[ED25519 256]--+
|        o.       |
|   .   o  .      |
|  +   .  .       |
| + o .  .        |
|o o +   So       |
| + o + .oo+      |
|..+ = +o o.o     |
|B*+. =  o o o    |
|=XBB*o..E. +.    |
+----[SHA256]-----+

hp@DESKTOP-K1H14P5 MINGW64 ~/OneDrive/Desktop/Git Practice (master)
$ eval $(ssh~agent ~s)
bash: ssh~agent: command not found

hp@DESKTOP-K1H14P5 MINGW64 ~/OneDrive/Desktop/Git Practice (master)
$ eval $(ssh ~agent ~s)
ssh: Could not resolve hostname ~agent: Name or service not known

hp@DESKTOP-K1H14P5 MINGW64 ~/OneDrive/Desktop/Git Practice (master)
$ $ eval "$(ssh-agent -s)"
bash: $: command not found

hp@DESKTOP-K1H14P5 MINGW64 ~/OneDrive/Desktop/Git Practice (master)
$ eval "$(ssh-agent -s)"
Agent pid 1367

hp@DESKTOP-K1H14P5 MINGW64 ~/OneDrive/Desktop/Git Practice (master)
$ tail ssh-add ~/.ssh/id_ed25519
tail: cannot open 'ssh-add' for reading: No such file or directory
==> /c/Users/hp/.ssh/id_ed25519 <==
-----BEGIN OPENSSH PRIVATE KEY-----
b3BlbnNzaC1rZXktdjEAAAAABG5vbmUAAAAEbm9uZQAAAAAAAAABAAAAMwAAAAtzc2gtZW
QyNTUxOQAAACA4Ka/RSIG+b4g6f42rMYCYbB829KZ9MPuJYMdTQ7u/pQAAAKimRJLipkSS
4gAAAAtzc2gtZWQyNTUxOQAAACA4Ka/RSIG+b4g6f42rMYCYbB829KZ9MPuJYMdTQ7u/pQ
AAAEC5J+I/b68xFZnHF/ZUu4sw3LoFsC1kJvSOsL9+FtE7xDgpr9FIgb5viDp/jasxgJhs
Hzb0pn0w+4lgx1NDu7+lAAAAIXNhbnNrcml0aS5kaGFrYWRAdGhlcmFwaWRoaXJlLmNvbQ
ECAwQ=
-----END OPENSSH PRIVATE KEY-----

hp@DESKTOP-K1H14P5 MINGW64 ~/OneDrive/Desktop/Git Practice (master)
$ ^C

hp@DESKTOP-K1H14P5 MINGW64 ~/OneDrive/Desktop/Git Practice (master)
$ git push -u origin masters
error: src refspec masters does not match any
error: failed to push some refs to 'github.com:sanskrititrh/practicerepo.git'

hp@DESKTOP-K1H14P5 MINGW64 ~/OneDrive/Desktop/Git Practice (master)
$ ^C

hp@DESKTOP-K1H14P5 MINGW64 ~/OneDrive/Desktop/Git Practice (master)
$ $ ssh-keygen -t ed25519-sk -C "sanskriti.dhakad@therapidhire.com"
bash: $: command not found

hp@DESKTOP-K1H14P5 MINGW64 ~/OneDrive/Desktop/Git Practice (master)
$ $ ssh-keygen -t ecdsa-sk -C "sanskriti.dhakad@therapidhire.com"
bash: $: command not found

hp@DESKTOP-K1H14P5 MINGW64 ~/OneDrive/Desktop/Git Practice (master)
$


